This is pdfTeX, Version 3.141592653-2.6-1.40.27 (TeX Live 2025/nixos.org) (preloaded format=pdflatex 1980.1.1)  25 MAR 2026 21:14
entering extended mode
 restricted \write18 enabled.
 %&-line parsing enabled.
**main.tex
(./main.tex
LaTeX2e <2025-06-01> patch level 1
L3 programming layer <2025-06-09>
(./iacrtrans.cls

 *** LaTeX class for IACR Transactions v0.94 ***

Document Class: iacrtrans 2023/11/08

(/nix/store/b8rzk544rrx5vsf2y2filkk7r8jq7w74-texlive-2025-env-texmfdist/tex/lat
ex/xkeyval/xkeyval.sty
Package: xkeyval 2022/06/16 v2.9 package option processing (HA)

(/nix/store/b8rzk544rrx5vsf2y2filkk7r8jq7w74-texlive-2025-env-texmfdist/tex/gen
eric/xkeyval/xkeyval.tex
(/nix/store/b8rzk544rrx5vsf2y2filkk7r8jq7w74-texlive-2025-env-texmfdist/tex/gen
eric/xkeyval/xkvutils.tex
\XKV@toks=\toks17
\XKV@tempa@toks=\toks18

(/nix/store/b8rzk544rrx5vsf2y2filkk7r8jq7w74-texlive-2025-env-texmfdist/tex/gen
eric/xkeyval/keyval.tex))
\XKV@depth=\count275
File: xkeyval.tex 2014/12/03 v2.7a key=value parser (HA)
))
(/nix/store/b8rzk544rrx5vsf2y2filkk7r8jq7w74-texlive-2025-env-texmfdist/tex/lat
ex/base/article.cls
Document Class: article 2025/01/22 v1.4n Standard LaTeX document class

(/nix/store/b8rzk544rrx5vsf2y2filkk7r8jq7w74-texlive-2025-env-texmfdist/tex/lat
ex/base/size10.clo
File: size10.clo 2025/01/22 v1.4n Standard LaTeX file (size option)
)
\c@part=\count276
\c@section=\count277
\c@subsection=\count278
\c@subsubsection=\count279
\c@paragraph=\count280
\c@subparagraph=\count281
\c@figure=\count282
\c@table=\count283
\abovecaptionskip=\skip49
\belowcaptionskip=\skip50
\bibindent=\dimen148
)
(/nix/store/b8rzk544rrx5vsf2y2filkk7r8jq7w74-texlive-2025-env-texmfdist/tex/lat
ex/xcolor/xcolor.sty
Package: xcolor 2024/09/29 v3.02 LaTeX color extensions (UK)

(/nix/store/b8rzk544rrx5vsf2y2filkk7r8jq7w74-texlive-2025-env-texmfdist/tex/lat
ex/graphics-cfg/color.cfg
File: color.cfg 2016/01/02 v1.6 sample color configuration
)
Package xcolor Info: Driver file: pdftex.def on input line 274.

(/nix/store/b8rzk544rrx5vsf2y2filkk7r8jq7w74-texlive-2025-env-texmfdist/tex/lat
ex/graphics-def/pdftex.def
File: pdftex.def 2024/04/13 v1.2c Graphics/color driver for pdftex
)
(/nix/store/b8rzk544rrx5vsf2y2filkk7r8jq7w74-texlive-2025-env-texmfdist/tex/lat
ex/graphics/mathcolor.ltx)
Package xcolor Info: Model `cmy' substituted by `cmy0' on input line 1349.
Package xcolor Info: Model `hsb' substituted by `rgb' on input line 1353.
Package xcolor Info: Model `RGB' extended on input line 1365.
Package xcolor Info: Model `HTML' substituted by `rgb' on input line 1367.
Package xcolor Info: Model `Hsb' substituted by `hsb' on input line 1368.
Package xcolor Info: Model `tHsb' substituted by `hsb' on input line 1369.
Package xcolor Info: Model `HSB' substituted by `hsb' on input line 1370.
Package xcolor Info: Model `Gray' substituted by `gray' on input line 1371.
Package xcolor Info: Model `wave' substituted by `hsb' on input line 1372.
)
(/nix/store/b8rzk544rrx5vsf2y2filkk7r8jq7w74-texlive-2025-env-texmfdist/tex/lat
ex/etoolbox/etoolbox.sty
Package: etoolbox 2025/02/11 v2.5l e-TeX tools for LaTeX (JAW)
\etb@tempcnta=\count284
)
(/nix/store/b8rzk544rrx5vsf2y2filkk7r8jq7w74-texlive-2025-env-texmfdist/tex/lat
ex/geometry/geometry.sty
Package: geometry 2020/01/02 v5.9 Page Geometry

(/nix/store/b8rzk544rrx5vsf2y2filkk7r8jq7w74-texlive-2025-env-texmfdist/tex/gen
eric/iftex/ifvtex.sty
Package: ifvtex 2019/10/25 v1.7 ifvtex legacy package. Use iftex instead.

(/nix/store/b8rzk544rrx5vsf2y2filkk7r8jq7w74-texlive-2025-env-texmfdist/tex/gen
eric/iftex/iftex.sty
Package: iftex 2024/12/12 v1.0g TeX engine tests
))
\Gm@cnth=\count285
\Gm@cntv=\count286
\c@Gm@tempcnt=\count287
\Gm@bindingoffset=\dimen149
\Gm@wd@mp=\dimen150
\Gm@odd@mp=\dimen151
\Gm@even@mp=\dimen152
\Gm@layoutwidth=\dimen153
\Gm@layoutheight=\dimen154
\Gm@layouthoffset=\dimen155
\Gm@layoutvoffset=\dimen156
\Gm@dimlist=\toks19
)
(/nix/store/b8rzk544rrx5vsf2y2filkk7r8jq7w74-texlive-2025-env-texmfdist/tex/lat
ex/tools/afterpage.sty
Package: afterpage 2023/07/04 v1.08 After-Page Package (DPC)
\AP@output=\toks20
\AP@partial=\box53
\AP@footins=\box54
)
(/nix/store/b8rzk544rrx5vsf2y2filkk7r8jq7w74-texlive-2025-env-texmfdist/tex/lat
ex/sectsty/sectsty.sty
Package: sectsty 2002/02/25 v2.0.2 Commands to change all sectional heading sty
les


LaTeX Warning: Command \underbar  has changed.
               Check if current package is valid.


LaTeX Warning: Command \underline  has changed.
               Check if current package is valid.

)
\c@IACR@author@cnt=\count288
\c@IACR@inst@cnt=\count289

(/nix/store/b8rzk544rrx5vsf2y2filkk7r8jq7w74-texlive-2025-env-texmfdist/tex/lat
ex/fancyhdr/fancyhdr.sty
Package: fancyhdr 2025/02/07 v5.2 Extensive control of page headers and footers

\f@nch@headwidth=\skip51
\f@nch@offset@elh=\skip52
\f@nch@offset@erh=\skip53
\f@nch@offset@olh=\skip54
\f@nch@offset@orh=\skip55
\f@nch@offset@elf=\skip56
\f@nch@offset@erf=\skip57
\f@nch@offset@olf=\skip58
\f@nch@offset@orf=\skip59
\f@nch@height=\skip60
\f@nch@footalignment=\skip61
\f@nch@widthL=\skip62
\f@nch@widthC=\skip63
\f@nch@widthR=\skip64
\@temptokenb=\toks21
)
(/nix/store/b8rzk544rrx5vsf2y2filkk7r8jq7w74-texlive-2025-env-texmfdist/tex/lat
ex/graphics/graphicx.sty
Package: graphicx 2024/12/31 v1.2e Enhanced LaTeX Graphics (DPC,SPQR)

(/nix/store/b8rzk544rrx5vsf2y2filkk7r8jq7w74-texlive-2025-env-texmfdist/tex/lat
ex/graphics/graphics.sty
Package: graphics 2024/08/06 v1.4g Standard LaTeX Graphics (DPC,SPQR)

(/nix/store/b8rzk544rrx5vsf2y2filkk7r8jq7w74-texlive-2025-env-texmfdist/tex/lat
ex/graphics/trig.sty
Package: trig 2023/12/02 v1.11 sin cos tan (DPC)
)
(/nix/store/b8rzk544rrx5vsf2y2filkk7r8jq7w74-texlive-2025-env-texmfdist/tex/lat
ex/graphics-cfg/graphics.cfg
File: graphics.cfg 2016/06/04 v1.11 sample graphics configuration
)
Package graphics Info: Driver file: pdftex.def on input line 106.
)
\Gin@req@height=\dimen157
\Gin@req@width=\dimen158
)
(/nix/store/b8rzk544rrx5vsf2y2filkk7r8jq7w74-texlive-2025-env-texmfdist/tex/lat
ex/amsmath/amsmath.sty
Package: amsmath 2025/06/16 v2.17y AMS math features
\@mathmargin=\skip65

For additional information on amsmath, use the `?' option.

(/nix/store/b8rzk544rrx5vsf2y2filkk7r8jq7w74-texlive-2025-env-texmfdist/tex/lat
ex/amsmath/amstext.sty
Package: amstext 2024/11/17 v2.01 AMS text

(/nix/store/b8rzk544rrx5vsf2y2filkk7r8jq7w74-texlive-2025-env-texmfdist/tex/lat
ex/amsmath/amsgen.sty
File: amsgen.sty 1999/11/30 v2.0 generic functions
\@emptytoks=\toks22
\ex@=\dimen159
))
(/nix/store/b8rzk544rrx5vsf2y2filkk7r8jq7w74-texlive-2025-env-texmfdist/tex/lat
ex/amsmath/amsbsy.sty
Package: amsbsy 1999/11/29 v1.2d Bold Symbols
\pmbraise@=\dimen160
)
(/nix/store/b8rzk544rrx5vsf2y2filkk7r8jq7w74-texlive-2025-env-texmfdist/tex/lat
ex/amsmath/amsopn.sty
Package: amsopn 2022/04/08 v2.04 operator names
)
\inf@bad=\count290
LaTeX Info: Redefining \frac on input line 233.
\uproot@=\count291
\leftroot@=\count292
LaTeX Info: Redefining \overline on input line 398.
LaTeX Info: Redefining \colon on input line 409.
\classnum@=\count293
\DOTSCASE@=\count294
LaTeX Info: Redefining \ldots on input line 495.
LaTeX Info: Redefining \dots on input line 498.
LaTeX Info: Redefining \cdots on input line 619.
\Mathstrutbox@=\box55
\strutbox@=\box56
LaTeX Info: Redefining \big on input line 721.
LaTeX Info: Redefining \Big on input line 722.
LaTeX Info: Redefining \bigg on input line 723.
LaTeX Info: Redefining \Bigg on input line 724.
\big@size=\dimen161
LaTeX Font Info:    Redeclaring font encoding OML on input line 742.
LaTeX Font Info:    Redeclaring font encoding OMS on input line 743.
\macc@depth=\count295
LaTeX Info: Redefining \bmod on input line 904.
LaTeX Info: Redefining \pmod on input line 909.
LaTeX Info: Redefining \smash on input line 939.
LaTeX Info: Redefining \relbar on input line 969.
LaTeX Info: Redefining \Relbar on input line 970.
\c@MaxMatrixCols=\count296
\dotsspace@=\muskip17
\c@parentequation=\count297
\dspbrk@lvl=\count298
\tag@help=\toks23
\row@=\count299
\column@=\count300
\maxfields@=\count301
\andhelp@=\toks24
\eqnshift@=\dimen162
\alignsep@=\dimen163
\tagshift@=\dimen164
\tagwidth@=\dimen165
\totwidth@=\dimen166
\lineht@=\dimen167
\@envbody=\toks25
\multlinegap=\skip66
\multlinetaggap=\skip67
\mathdisplay@stack=\toks26
LaTeX Info: Redefining \[ on input line 2949.
LaTeX Info: Redefining \] on input line 2950.
)
(/nix/store/b8rzk544rrx5vsf2y2filkk7r8jq7w74-texlive-2025-env-texmfdist/tex/lat
ex/amsfonts/amssymb.sty
Package: amssymb 2013/01/14 v3.01 AMS font symbols

(/nix/store/b8rzk544rrx5vsf2y2filkk7r8jq7w74-texlive-2025-env-texmfdist/tex/lat
ex/amsfonts/amsfonts.sty
Package: amsfonts 2013/01/14 v3.01 Basic AMSFonts support
\symAMSa=\mathgroup4
\symAMSb=\mathgroup5
LaTeX Font Info:    Redeclaring math symbol \hbar on input line 98.
LaTeX Font Info:    Overwriting math alphabet `\mathfrak' in version `bold'
(Font)                  U/euf/m/n --> U/euf/b/n on input line 106.
))
(/nix/store/b8rzk544rrx5vsf2y2filkk7r8jq7w74-texlive-2025-env-texmfdist/tex/lat
ex/amscls/amsthm.sty
Package: amsthm 2020/05/29 v2.20.6
\thm@style=\toks27
\thm@bodyfont=\toks28
\thm@headfont=\toks29
\thm@notefont=\toks30
\thm@headpunct=\toks31
\thm@preskip=\skip68
\thm@postskip=\skip69
\thm@headsep=\skip70
\dth@everypar=\toks32
)
(/nix/store/b8rzk544rrx5vsf2y2filkk7r8jq7w74-texlive-2025-env-texmfdist/tex/lat
ex/mathtools/mathtools.sty
Package: mathtools 2024/10/04 v1.31 mathematical typesetting tools

(/nix/store/b8rzk544rrx5vsf2y2filkk7r8jq7w74-texlive-2025-env-texmfdist/tex/lat
ex/tools/calc.sty
Package: calc 2025/03/01 v4.3b Infix arithmetic (KKT,FJ)
\calc@Acount=\count302
\calc@Bcount=\count303
\calc@Adimen=\dimen168
\calc@Bdimen=\dimen169
\calc@Askip=\skip71
\calc@Bskip=\skip72
LaTeX Info: Redefining \setlength on input line 86.
LaTeX Info: Redefining \addtolength on input line 87.
\calc@Ccount=\count304
\calc@Cskip=\skip73
)
(/nix/store/b8rzk544rrx5vsf2y2filkk7r8jq7w74-texlive-2025-env-texmfdist/tex/lat
ex/mathtools/mhsetup.sty
Package: mhsetup 2021/03/18 v1.4 programming setup (MH)
)
\g_MT_multlinerow_int=\count305
\l_MT_multwidth_dim=\dimen170
\origjot=\skip74
\l_MT_shortvdotswithinadjustabove_dim=\dimen171
\l_MT_shortvdotswithinadjustbelow_dim=\dimen172
\l_MT_above_intertext_sep=\dimen173
\l_MT_below_intertext_sep=\dimen174
\l_MT_above_shortintertext_sep=\dimen175
\l_MT_below_shortintertext_sep=\dimen176
\xmathstrut@box=\box57
\xmathstrut@dim=\dimen177
)
\c@definition=\count306
\c@example=\count307
\c@exercise=\count308
\c@property=\count309
\c@question=\count310
\c@solution=\count311
\c@theorem=\count312
\c@proposition=\count313
\c@problem=\count314
\c@lemma=\count315
\c@conjecture=\count316
\c@corollary=\count317
\c@remark=\count318
\c@note=\count319
\c@case=\count320

(/nix/store/b8rzk544rrx5vsf2y2filkk7r8jq7w74-texlive-2025-env-texmfdist/tex/lat
ex/float/float.sty
Package: float 2001/11/08 v1.3d Float enhancements (AL)
\c@float@type=\count321
\float@exts=\toks33
\float@box=\box58
\@float@everytoks=\toks34
\@floatcapt=\box59
)
\@float@every@table=\toks35
\@float@every@figure=\toks36

(/nix/store/b8rzk544rrx5vsf2y2filkk7r8jq7w74-texlive-2025-env-texmfdist/tex/lat
ex/microtype/microtype.sty
Package: microtype 2025/02/11 v3.2a Micro-typographical refinements (RS)
\MT@toks=\toks37
\MT@tempbox=\box60
\MT@count=\count322
LaTeX Info: Redefining \noprotrusionifhmode on input line 1087.
LaTeX Info: Redefining \leftprotrusion on input line 1088.
\MT@prot@toks=\toks38
LaTeX Info: Redefining \rightprotrusion on input line 1107.
LaTeX Info: Redefining \textls on input line 1449.
\MT@outer@kern=\dimen178
LaTeX Info: Redefining \microtypecontext on input line 2053.
LaTeX Info: Redefining \textmicrotypecontext on input line 2070.
\MT@listname@count=\count323

(/nix/store/b8rzk544rrx5vsf2y2filkk7r8jq7w74-texlive-2025-env-texmfdist/tex/lat
ex/microtype/microtype-pdftex.def
File: microtype-pdftex.def 2025/02/11 v3.2a Definitions specific to pdftex (RS)

LaTeX Info: Redefining \lsstyle on input line 944.
LaTeX Info: Redefining \lslig on input line 944.
\MT@outer@space=\skip75
)
Package microtype Info: Loading configuration file microtype.cfg.

(/nix/store/b8rzk544rrx5vsf2y2filkk7r8jq7w74-texlive-2025-env-texmfdist/tex/lat
ex/microtype/microtype.cfg
File: microtype.cfg 2025/02/11 v3.2a microtype main configuration file (RS)
)
LaTeX Info: Redefining \microtypesetup on input line 3065.
)
(/nix/store/b8rzk544rrx5vsf2y2filkk7r8jq7w74-texlive-2025-env-texmfdist/tex/lat
ex/base/fontenc.sty
Package: fontenc 2024/12/21 v2.1c Standard LaTeX package
)
(/nix/store/b8rzk544rrx5vsf2y2filkk7r8jq7w74-texlive-2025-env-texmfdist/tex/lat
ex/lm/lmodern.sty
Package: lmodern 2015/05/01 v1.6.1 Latin Modern Fonts
LaTeX Font Info:    Overwriting symbol font `operators' in version `normal'
(Font)                  OT1/cmr/m/n --> OT1/lmr/m/n on input line 22.
LaTeX Font Info:    Overwriting symbol font `letters' in version `normal'
(Font)                  OML/cmm/m/it --> OML/lmm/m/it on input line 23.
LaTeX Font Info:    Overwriting symbol font `symbols' in version `normal'
(Font)                  OMS/cmsy/m/n --> OMS/lmsy/m/n on input line 24.
LaTeX Font Info:    Overwriting symbol font `largesymbols' in version `normal'
(Font)                  OMX/cmex/m/n --> OMX/lmex/m/n on input line 25.
LaTeX Font Info:    Overwriting symbol font `operators' in version `bold'
(Font)                  OT1/cmr/bx/n --> OT1/lmr/bx/n on input line 26.
LaTeX Font Info:    Overwriting symbol font `letters' in version `bold'
(Font)                  OML/cmm/b/it --> OML/lmm/b/it on input line 27.
LaTeX Font Info:    Overwriting symbol font `symbols' in version `bold'
(Font)                  OMS/cmsy/b/n --> OMS/lmsy/b/n on input line 28.
LaTeX Font Info:    Overwriting symbol font `largesymbols' in version `bold'
(Font)                  OMX/cmex/m/n --> OMX/lmex/m/n on input line 29.
LaTeX Font Info:    Overwriting math alphabet `\mathbf' in version `normal'
(Font)                  OT1/cmr/bx/n --> OT1/lmr/bx/n on input line 31.
LaTeX Font Info:    Overwriting math alphabet `\mathsf' in version `normal'
(Font)                  OT1/cmss/m/n --> OT1/lmss/m/n on input line 32.
LaTeX Font Info:    Overwriting math alphabet `\mathit' in version `normal'
(Font)                  OT1/cmr/m/it --> OT1/lmr/m/it on input line 33.
LaTeX Font Info:    Overwriting math alphabet `\mathtt' in version `normal'
(Font)                  OT1/cmtt/m/n --> OT1/lmtt/m/n on input line 34.
LaTeX Font Info:    Overwriting math alphabet `\mathbf' in version `bold'
(Font)                  OT1/cmr/bx/n --> OT1/lmr/bx/n on input line 35.
LaTeX Font Info:    Overwriting math alphabet `\mathsf' in version `bold'
(Font)                  OT1/cmss/bx/n --> OT1/lmss/bx/n on input line 36.
LaTeX Font Info:    Overwriting math alphabet `\mathit' in version `bold'
(Font)                  OT1/cmr/bx/it --> OT1/lmr/bx/it on input line 37.
LaTeX Font Info:    Overwriting math alphabet `\mathtt' in version `bold'
(Font)                  OT1/cmtt/m/n --> OT1/lmtt/m/n on input line 38.
))
(/nix/store/b8rzk544rrx5vsf2y2filkk7r8jq7w74-texlive-2025-env-texmfdist/tex/lat
ex/pgf/frontendlayer/tikz.sty
(/nix/store/b8rzk544rrx5vsf2y2filkk7r8jq7w74-texlive-2025-env-texmfdist/tex/lat
ex/pgf/basiclayer/pgf.sty
(/nix/store/b8rzk544rrx5vsf2y2filkk7r8jq7w74-texlive-2025-env-texmfdist/tex/lat
ex/pgf/utilities/pgfrcs.sty
(/nix/store/b8rzk544rrx5vsf2y2filkk7r8jq7w74-texlive-2025-env-texmfdist/tex/gen
eric/pgf/utilities/pgfutil-common.tex
\pgfutil@everybye=\toks39
\pgfutil@tempdima=\dimen179
\pgfutil@tempdimb=\dimen180
)
(/nix/store/b8rzk544rrx5vsf2y2filkk7r8jq7w74-texlive-2025-env-texmfdist/tex/gen
eric/pgf/utilities/pgfutil-latex.def
\pgfutil@abb=\box61
)
(/nix/store/b8rzk544rrx5vsf2y2filkk7r8jq7w74-texlive-2025-env-texmfdist/tex/gen
eric/pgf/utilities/pgfrcs.code.tex
(/nix/store/b8rzk544rrx5vsf2y2filkk7r8jq7w74-texlive-2025-env-texmfdist/tex/gen
eric/pgf/pgf.revision.tex)
Package: pgfrcs 2023-01-15 v3.1.10 (3.1.10)
))
Package: pgf 2023-01-15 v3.1.10 (3.1.10)

(/nix/store/b8rzk544rrx5vsf2y2filkk7r8jq7w74-texlive-2025-env-texmfdist/tex/lat
ex/pgf/basiclayer/pgfcore.sty
(/nix/store/b8rzk544rrx5vsf2y2filkk7r8jq7w74-texlive-2025-env-texmfdist/tex/lat
ex/pgf/systemlayer/pgfsys.sty
(/nix/store/b8rzk544rrx5vsf2y2filkk7r8jq7w74-texlive-2025-env-texmfdist/tex/gen
eric/pgf/systemlayer/pgfsys.code.tex
Package: pgfsys 2023-01-15 v3.1.10 (3.1.10)

(/nix/store/b8rzk544rrx5vsf2y2filkk7r8jq7w74-texlive-2025-env-texmfdist/tex/gen
eric/pgf/utilities/pgfkeys.code.tex
\pgfkeys@pathtoks=\toks40
\pgfkeys@temptoks=\toks41

(/nix/store/b8rzk544rrx5vsf2y2filkk7r8jq7w74-texlive-2025-env-texmfdist/tex/gen
eric/pgf/utilities/pgfkeyslibraryfiltered.code.tex
\pgfkeys@tmptoks=\toks42
))
\pgf@x=\dimen181
\pgf@y=\dimen182
\pgf@xa=\dimen183
\pgf@ya=\dimen184
\pgf@xb=\dimen185
\pgf@yb=\dimen186
\pgf@xc=\dimen187
\pgf@yc=\dimen188
\pgf@xd=\dimen189
\pgf@yd=\dimen190
\w@pgf@writea=\write3
\r@pgf@reada=\read2
\c@pgf@counta=\count324
\c@pgf@countb=\count325
\c@pgf@countc=\count326
\c@pgf@countd=\count327
\t@pgf@toka=\toks43
\t@pgf@tokb=\toks44
\t@pgf@tokc=\toks45
\pgf@sys@id@count=\count328

(/nix/store/b8rzk544rrx5vsf2y2filkk7r8jq7w74-texlive-2025-env-texmfdist/tex/gen
eric/pgf/systemlayer/pgf.cfg
File: pgf.cfg 2023-01-15 v3.1.10 (3.1.10)
)
Driver file for pgf: pgfsys-pdftex.def

(/nix/store/b8rzk544rrx5vsf2y2filkk7r8jq7w74-texlive-2025-env-texmfdist/tex/gen
eric/pgf/systemlayer/pgfsys-pdftex.def
File: pgfsys-pdftex.def 2023-01-15 v3.1.10 (3.1.10)

(/nix/store/b8rzk544rrx5vsf2y2filkk7r8jq7w74-texlive-2025-env-texmfdist/tex/gen
eric/pgf/systemlayer/pgfsys-common-pdf.def
File: pgfsys-common-pdf.def 2023-01-15 v3.1.10 (3.1.10)
)))
(/nix/store/b8rzk544rrx5vsf2y2filkk7r8jq7w74-texlive-2025-env-texmfdist/tex/gen
eric/pgf/systemlayer/pgfsyssoftpath.code.tex
File: pgfsyssoftpath.code.tex 2023-01-15 v3.1.10 (3.1.10)
\pgfsyssoftpath@smallbuffer@items=\count329
\pgfsyssoftpath@bigbuffer@items=\count330
)
(/nix/store/b8rzk544rrx5vsf2y2filkk7r8jq7w74-texlive-2025-env-texmfdist/tex/gen
eric/pgf/systemlayer/pgfsysprotocol.code.tex
File: pgfsysprotocol.code.tex 2023-01-15 v3.1.10 (3.1.10)
))
(/nix/store/b8rzk544rrx5vsf2y2filkk7r8jq7w74-texlive-2025-env-texmfdist/tex/gen
eric/pgf/basiclayer/pgfcore.code.tex
Package: pgfcore 2023-01-15 v3.1.10 (3.1.10)

(/nix/store/b8rzk544rrx5vsf2y2filkk7r8jq7w74-texlive-2025-env-texmfdist/tex/gen
eric/pgf/math/pgfmath.code.tex
(/nix/store/b8rzk544rrx5vsf2y2filkk7r8jq7w74-texlive-2025-env-texmfdist/tex/gen
eric/pgf/math/pgfmathutil.code.tex)
(/nix/store/b8rzk544rrx5vsf2y2filkk7r8jq7w74-texlive-2025-env-texmfdist/tex/gen
eric/pgf/math/pgfmathparser.code.tex
\pgfmath@dimen=\dimen191
\pgfmath@count=\count331
\pgfmath@box=\box62
\pgfmath@toks=\toks46
\pgfmath@stack@operand=\toks47
\pgfmath@stack@operation=\toks48
)
(/nix/store/b8rzk544rrx5vsf2y2filkk7r8jq7w74-texlive-2025-env-texmfdist/tex/gen
eric/pgf/math/pgfmathfunctions.code.tex)
(/nix/store/b8rzk544rrx5vsf2y2filkk7r8jq7w74-texlive-2025-env-texmfdist/tex/gen
eric/pgf/math/pgfmathfunctions.basic.code.tex)
(/nix/store/b8rzk544rrx5vsf2y2filkk7r8jq7w74-texlive-2025-env-texmfdist/tex/gen
eric/pgf/math/pgfmathfunctions.trigonometric.code.tex)
(/nix/store/b8rzk544rrx5vsf2y2filkk7r8jq7w74-texlive-2025-env-texmfdist/tex/gen
eric/pgf/math/pgfmathfunctions.random.code.tex)
(/nix/store/b8rzk544rrx5vsf2y2filkk7r8jq7w74-texlive-2025-env-texmfdist/tex/gen
eric/pgf/math/pgfmathfunctions.comparison.code.tex)
(/nix/store/b8rzk544rrx5vsf2y2filkk7r8jq7w74-texlive-2025-env-texmfdist/tex/gen
eric/pgf/math/pgfmathfunctions.base.code.tex)
(/nix/store/b8rzk544rrx5vsf2y2filkk7r8jq7w74-texlive-2025-env-texmfdist/tex/gen
eric/pgf/math/pgfmathfunctions.round.code.tex)
(/nix/store/b8rzk544rrx5vsf2y2filkk7r8jq7w74-texlive-2025-env-texmfdist/tex/gen
eric/pgf/math/pgfmathfunctions.misc.code.tex)
(/nix/store/b8rzk544rrx5vsf2y2filkk7r8jq7w74-texlive-2025-env-texmfdist/tex/gen
eric/pgf/math/pgfmathfunctions.integerarithmetics.code.tex)
(/nix/store/b8rzk544rrx5vsf2y2filkk7r8jq7w74-texlive-2025-env-texmfdist/tex/gen
eric/pgf/math/pgfmathcalc.code.tex)
(/nix/store/b8rzk544rrx5vsf2y2filkk7r8jq7w74-texlive-2025-env-texmfdist/tex/gen
eric/pgf/math/pgfmathfloat.code.tex
\c@pgfmathroundto@lastzeros=\count332
))
(/nix/store/b8rzk544rrx5vsf2y2filkk7r8jq7w74-texlive-2025-env-texmfdist/tex/gen
eric/pgf/math/pgfint.code.tex)
(/nix/store/b8rzk544rrx5vsf2y2filkk7r8jq7w74-texlive-2025-env-texmfdist/tex/gen
eric/pgf/basiclayer/pgfcorepoints.code.tex
File: pgfcorepoints.code.tex 2023-01-15 v3.1.10 (3.1.10)
\pgf@picminx=\dimen192
\pgf@picmaxx=\dimen193
\pgf@picminy=\dimen194
\pgf@picmaxy=\dimen195
\pgf@pathminx=\dimen196
\pgf@pathmaxx=\dimen197
\pgf@pathminy=\dimen198
\pgf@pathmaxy=\dimen199
\pgf@xx=\dimen256
\pgf@xy=\dimen257
\pgf@yx=\dimen258
\pgf@yy=\dimen259
\pgf@zx=\dimen260
\pgf@zy=\dimen261
)
(/nix/store/b8rzk544rrx5vsf2y2filkk7r8jq7w74-texlive-2025-env-texmfdist/tex/gen
eric/pgf/basiclayer/pgfcorepathconstruct.code.tex
File: pgfcorepathconstruct.code.tex 2023-01-15 v3.1.10 (3.1.10)
\pgf@path@lastx=\dimen262
\pgf@path@lasty=\dimen263
)
(/nix/store/b8rzk544rrx5vsf2y2filkk7r8jq7w74-texlive-2025-env-texmfdist/tex/gen
eric/pgf/basiclayer/pgfcorepathusage.code.tex
File: pgfcorepathusage.code.tex 2023-01-15 v3.1.10 (3.1.10)
\pgf@shorten@end@additional=\dimen264
\pgf@shorten@start@additional=\dimen265
)
(/nix/store/b8rzk544rrx5vsf2y2filkk7r8jq7w74-texlive-2025-env-texmfdist/tex/gen
eric/pgf/basiclayer/pgfcorescopes.code.tex
File: pgfcorescopes.code.tex 2023-01-15 v3.1.10 (3.1.10)
\pgfpic=\box63
\pgf@hbox=\box64
\pgf@layerbox@main=\box65
\pgf@picture@serial@count=\count333
)
(/nix/store/b8rzk544rrx5vsf2y2filkk7r8jq7w74-texlive-2025-env-texmfdist/tex/gen
eric/pgf/basiclayer/pgfcoregraphicstate.code.tex
File: pgfcoregraphicstate.code.tex 2023-01-15 v3.1.10 (3.1.10)
\pgflinewidth=\dimen266
)
(/nix/store/b8rzk544rrx5vsf2y2filkk7r8jq7w74-texlive-2025-env-texmfdist/tex/gen
eric/pgf/basiclayer/pgfcoretransformations.code.tex
File: pgfcoretransformations.code.tex 2023-01-15 v3.1.10 (3.1.10)
\pgf@pt@x=\dimen267
\pgf@pt@y=\dimen268
\pgf@pt@temp=\dimen269
)
(/nix/store/b8rzk544rrx5vsf2y2filkk7r8jq7w74-texlive-2025-env-texmfdist/tex/gen
eric/pgf/basiclayer/pgfcorequick.code.tex
File: pgfcorequick.code.tex 2023-01-15 v3.1.10 (3.1.10)
)
(/nix/store/b8rzk544rrx5vsf2y2filkk7r8jq7w74-texlive-2025-env-texmfdist/tex/gen
eric/pgf/basiclayer/pgfcoreobjects.code.tex
File: pgfcoreobjects.code.tex 2023-01-15 v3.1.10 (3.1.10)
)
(/nix/store/b8rzk544rrx5vsf2y2filkk7r8jq7w74-texlive-2025-env-texmfdist/tex/gen
eric/pgf/basiclayer/pgfcorepathprocessing.code.tex
File: pgfcorepathprocessing.code.tex 2023-01-15 v3.1.10 (3.1.10)
)
(/nix/store/b8rzk544rrx5vsf2y2filkk7r8jq7w74-texlive-2025-env-texmfdist/tex/gen
eric/pgf/basiclayer/pgfcorearrows.code.tex
File: pgfcorearrows.code.tex 2023-01-15 v3.1.10 (3.1.10)
\pgfarrowsep=\dimen270
)
(/nix/store/b8rzk544rrx5vsf2y2filkk7r8jq7w74-texlive-2025-env-texmfdist/tex/gen
eric/pgf/basiclayer/pgfcoreshade.code.tex
File: pgfcoreshade.code.tex 2023-01-15 v3.1.10 (3.1.10)
\pgf@max=\dimen271
\pgf@sys@shading@range@num=\count334
\pgf@shadingcount=\count335
)
(/nix/store/b8rzk544rrx5vsf2y2filkk7r8jq7w74-texlive-2025-env-texmfdist/tex/gen
eric/pgf/basiclayer/pgfcoreimage.code.tex
File: pgfcoreimage.code.tex 2023-01-15 v3.1.10 (3.1.10)
)
(/nix/store/b8rzk544rrx5vsf2y2filkk7r8jq7w74-texlive-2025-env-texmfdist/tex/gen
eric/pgf/basiclayer/pgfcoreexternal.code.tex
File: pgfcoreexternal.code.tex 2023-01-15 v3.1.10 (3.1.10)
\pgfexternal@startupbox=\box66
)
(/nix/store/b8rzk544rrx5vsf2y2filkk7r8jq7w74-texlive-2025-env-texmfdist/tex/gen
eric/pgf/basiclayer/pgfcorelayers.code.tex
File: pgfcorelayers.code.tex 2023-01-15 v3.1.10 (3.1.10)
)
(/nix/store/b8rzk544rrx5vsf2y2filkk7r8jq7w74-texlive-2025-env-texmfdist/tex/gen
eric/pgf/basiclayer/pgfcoretransparency.code.tex
File: pgfcoretransparency.code.tex 2023-01-15 v3.1.10 (3.1.10)
)
(/nix/store/b8rzk544rrx5vsf2y2filkk7r8jq7w74-texlive-2025-env-texmfdist/tex/gen
eric/pgf/basiclayer/pgfcorepatterns.code.tex
File: pgfcorepatterns.code.tex 2023-01-15 v3.1.10 (3.1.10)
)
(/nix/store/b8rzk544rrx5vsf2y2filkk7r8jq7w74-texlive-2025-env-texmfdist/tex/gen
eric/pgf/basiclayer/pgfcorerdf.code.tex
File: pgfcorerdf.code.tex 2023-01-15 v3.1.10 (3.1.10)
)))
(/nix/store/b8rzk544rrx5vsf2y2filkk7r8jq7w74-texlive-2025-env-texmfdist/tex/gen
eric/pgf/modules/pgfmoduleshapes.code.tex
File: pgfmoduleshapes.code.tex 2023-01-15 v3.1.10 (3.1.10)
\pgfnodeparttextbox=\box67
)
(/nix/store/b8rzk544rrx5vsf2y2filkk7r8jq7w74-texlive-2025-env-texmfdist/tex/gen
eric/pgf/modules/pgfmoduleplot.code.tex
File: pgfmoduleplot.code.tex 2023-01-15 v3.1.10 (3.1.10)
)
(/nix/store/b8rzk544rrx5vsf2y2filkk7r8jq7w74-texlive-2025-env-texmfdist/tex/lat
ex/pgf/compatibility/pgfcomp-version-0-65.sty
Package: pgfcomp-version-0-65 2023-01-15 v3.1.10 (3.1.10)
\pgf@nodesepstart=\dimen272
\pgf@nodesepend=\dimen273
)
(/nix/store/b8rzk544rrx5vsf2y2filkk7r8jq7w74-texlive-2025-env-texmfdist/tex/lat
ex/pgf/compatibility/pgfcomp-version-1-18.sty
Package: pgfcomp-version-1-18 2023-01-15 v3.1.10 (3.1.10)
))
(/nix/store/b8rzk544rrx5vsf2y2filkk7r8jq7w74-texlive-2025-env-texmfdist/tex/lat
ex/pgf/utilities/pgffor.sty
(/nix/store/b8rzk544rrx5vsf2y2filkk7r8jq7w74-texlive-2025-env-texmfdist/tex/lat
ex/pgf/utilities/pgfkeys.sty
(/nix/store/b8rzk544rrx5vsf2y2filkk7r8jq7w74-texlive-2025-env-texmfdist/tex/gen
eric/pgf/utilities/pgfkeys.code.tex))
(/nix/store/b8rzk544rrx5vsf2y2filkk7r8jq7w74-texlive-2025-env-texmfdist/tex/lat
ex/pgf/math/pgfmath.sty
(/nix/store/b8rzk544rrx5vsf2y2filkk7r8jq7w74-texlive-2025-env-texmfdist/tex/gen
eric/pgf/math/pgfmath.code.tex))
(/nix/store/b8rzk544rrx5vsf2y2filkk7r8jq7w74-texlive-2025-env-texmfdist/tex/gen
eric/pgf/utilities/pgffor.code.tex
Package: pgffor 2023-01-15 v3.1.10 (3.1.10)
\pgffor@iter=\dimen274
\pgffor@skip=\dimen275
\pgffor@stack=\toks49
\pgffor@toks=\toks50
))
(/nix/store/b8rzk544rrx5vsf2y2filkk7r8jq7w74-texlive-2025-env-texmfdist/tex/gen
eric/pgf/frontendlayer/tikz/tikz.code.tex
Package: tikz 2023-01-15 v3.1.10 (3.1.10)

(/nix/store/b8rzk544rrx5vsf2y2filkk7r8jq7w74-texlive-2025-env-texmfdist/tex/gen
eric/pgf/libraries/pgflibraryplothandlers.code.tex
File: pgflibraryplothandlers.code.tex 2023-01-15 v3.1.10 (3.1.10)
\pgf@plot@mark@count=\count336
\pgfplotmarksize=\dimen276
)
\tikz@lastx=\dimen277
\tikz@lasty=\dimen278
\tikz@lastxsaved=\dimen279
\tikz@lastysaved=\dimen280
\tikz@lastmovetox=\dimen281
\tikz@lastmovetoy=\dimen282
\tikzleveldistance=\dimen283
\tikzsiblingdistance=\dimen284
\tikz@figbox=\box68
\tikz@figbox@bg=\box69
\tikz@tempbox=\box70
\tikz@tempbox@bg=\box71
\tikztreelevel=\count337
\tikznumberofchildren=\count338
\tikznumberofcurrentchild=\count339
\tikz@fig@count=\count340

(/nix/store/b8rzk544rrx5vsf2y2filkk7r8jq7w74-texlive-2025-env-texmfdist/tex/gen
eric/pgf/modules/pgfmodulematrix.code.tex
File: pgfmodulematrix.code.tex 2023-01-15 v3.1.10 (3.1.10)
\pgfmatrixcurrentrow=\count341
\pgfmatrixcurrentcolumn=\count342
\pgf@matrix@numberofcolumns=\count343
)
\tikz@expandcount=\count344

(/nix/store/b8rzk544rrx5vsf2y2filkk7r8jq7w74-texlive-2025-env-texmfdist/tex/gen
eric/pgf/frontendlayer/tikz/libraries/tikzlibrarytopaths.code.tex
File: tikzlibrarytopaths.code.tex 2023-01-15 v3.1.10 (3.1.10)
)))
(/nix/store/b8rzk544rrx5vsf2y2filkk7r8jq7w74-texlive-2025-env-texmfdist/tex/gen
eric/pgf/libraries/pgflibraryarrows.meta.code.tex
File: pgflibraryarrows.meta.code.tex 2023-01-15 v3.1.10 (3.1.10)
\pgfarrowinset=\dimen285
\pgfarrowlength=\dimen286
\pgfarrowwidth=\dimen287
\pgfarrowlinewidth=\dimen288
)
(/nix/store/b8rzk544rrx5vsf2y2filkk7r8jq7w74-texlive-2025-env-texmfdist/tex/gen
eric/pgf/frontendlayer/tikz/libraries/tikzlibrarypositioning.code.tex
File: tikzlibrarypositioning.code.tex 2023-01-15 v3.1.10 (3.1.10)
)
(/nix/store/b8rzk544rrx5vsf2y2filkk7r8jq7w74-texlive-2025-env-texmfdist/tex/gen
eric/pgf/frontendlayer/tikz/libraries/tikzlibraryshapes.geometric.code.tex
File: tikzlibraryshapes.geometric.code.tex 2023-01-15 v3.1.10 (3.1.10)

(/nix/store/b8rzk544rrx5vsf2y2filkk7r8jq7w74-texlive-2025-env-texmfdist/tex/gen
eric/pgf/libraries/shapes/pgflibraryshapes.geometric.code.tex
File: pgflibraryshapes.geometric.code.tex 2023-01-15 v3.1.10 (3.1.10)
))
(/nix/store/b8rzk544rrx5vsf2y2filkk7r8jq7w74-texlive-2025-env-texmfdist/tex/lat
ex/algorithms/algorithm.sty
Package: algorithm 2009/08/24 v0.1 Document Style `algorithm' - floating enviro
nment

(/nix/store/b8rzk544rrx5vsf2y2filkk7r8jq7w74-texlive-2025-env-texmfdist/tex/lat
ex/base/ifthen.sty
Package: ifthen 2024/03/16 v1.1e Standard LaTeX ifthen package (DPC)
)
\@float@every@algorithm=\toks51
\c@algorithm=\count345
)
(/nix/store/b8rzk544rrx5vsf2y2filkk7r8jq7w74-texlive-2025-env-texmfdist/tex/lat
ex/algorithmicx/algpseudocode.sty
Package: algpseudocode 

(/nix/store/b8rzk544rrx5vsf2y2filkk7r8jq7w74-texlive-2025-env-texmfdist/tex/lat
ex/algorithmicx/algorithmicx.sty
Package: algorithmicx 2005/04/27 v1.2 Algorithmicx

Document Style algorithmicx 1.2 - a greatly improved `algorithmic' style
\c@ALG@line=\count346
\c@ALG@rem=\count347
\c@ALG@nested=\count348
\ALG@tlm=\skip76
\ALG@thistlm=\skip77
\c@ALG@Lnr=\count349
\c@ALG@blocknr=\count350
\c@ALG@storecount=\count351
\c@ALG@tmpcounter=\count352
\ALG@tmplength=\skip78
)
Document Style - pseudocode environments for use with the `algorithmicx' style
)
(/nix/store/b8rzk544rrx5vsf2y2filkk7r8jq7w74-texlive-2025-env-texmfdist/tex/lat
ex/hyperref/hyperref.sty
Package: hyperref 2025-06-21 v7.01n Hypertext links for LaTeX

(/nix/store/b8rzk544rrx5vsf2y2filkk7r8jq7w74-texlive-2025-env-texmfdist/tex/lat
ex/kvsetkeys/kvsetkeys.sty
Package: kvsetkeys 2022-10-05 v1.19 Key value parser (HO)
)
(/nix/store/b8rzk544rrx5vsf2y2filkk7r8jq7w74-texlive-2025-env-texmfdist/tex/gen
eric/kvdefinekeys/kvdefinekeys.sty
Package: kvdefinekeys 2019-12-19 v1.6 Define keys (HO)
)
(/nix/store/b8rzk544rrx5vsf2y2filkk7r8jq7w74-texlive-2025-env-texmfdist/tex/gen
eric/pdfescape/pdfescape.sty
Package: pdfescape 2019/12/09 v1.15 Implements pdfTeX's escape features (HO)

(/nix/store/b8rzk544rrx5vsf2y2filkk7r8jq7w74-texlive-2025-env-texmfdist/tex/gen
eric/ltxcmds/ltxcmds.sty
Package: ltxcmds 2023-12-04 v1.26 LaTeX kernel commands for general use (HO)
)
(/nix/store/b8rzk544rrx5vsf2y2filkk7r8jq7w74-texlive-2025-env-texmfdist/tex/gen
eric/pdftexcmds/pdftexcmds.sty
Package: pdftexcmds 2020-06-27 v0.33 Utility functions of pdfTeX for LuaTeX (HO
)

(/nix/store/b8rzk544rrx5vsf2y2filkk7r8jq7w74-texlive-2025-env-texmfdist/tex/gen
eric/infwarerr/infwarerr.sty
Package: infwarerr 2019/12/03 v1.5 Providing info/warning/error messages (HO)
)
Package pdftexcmds Info: \pdf@primitive is available.
Package pdftexcmds Info: \pdf@ifprimitive is available.
Package pdftexcmds Info: \pdfdraftmode found.
))
(/nix/store/b8rzk544rrx5vsf2y2filkk7r8jq7w74-texlive-2025-env-texmfdist/tex/lat
ex/hycolor/hycolor.sty
Package: hycolor 2020-01-27 v1.10 Color options for hyperref/bookmark (HO)
)
(/nix/store/b8rzk544rrx5vsf2y2filkk7r8jq7w74-texlive-2025-env-texmfdist/tex/lat
ex/hyperref/nameref.sty
Package: nameref 2025-06-21 v2.57 Cross-referencing by name of section

(/nix/store/b8rzk544rrx5vsf2y2filkk7r8jq7w74-texlive-2025-env-texmfdist/tex/lat
ex/refcount/refcount.sty
Package: refcount 2019/12/15 v3.6 Data extraction from label references (HO)
)
(/nix/store/b8rzk544rrx5vsf2y2filkk7r8jq7w74-texlive-2025-env-texmfdist/tex/gen
eric/gettitlestring/gettitlestring.sty
Package: gettitlestring 2019/12/15 v1.6 Cleanup title references (HO)

(/nix/store/b8rzk544rrx5vsf2y2filkk7r8jq7w74-texlive-2025-env-texmfdist/tex/lat
ex/kvoptions/kvoptions.sty
Package: kvoptions 2022-06-15 v3.15 Key value format for package options (HO)
))
\c@section@level=\count353
)
(/nix/store/b8rzk544rrx5vsf2y2filkk7r8jq7w74-texlive-2025-env-texmfdist/tex/gen
eric/stringenc/stringenc.sty
Package: stringenc 2019/11/29 v1.12 Convert strings between diff. encodings (HO
)
)
\@linkdim=\dimen289
\Hy@linkcounter=\count354
\Hy@pagecounter=\count355

(/nix/store/b8rzk544rrx5vsf2y2filkk7r8jq7w74-texlive-2025-env-texmfdist/tex/lat
ex/hyperref/pd1enc.def
File: pd1enc.def 2025-06-21 v7.01n Hyperref: PDFDocEncoding definition (HO)
Now handling font encoding PD1 ...
... no UTF-8 mapping file for font encoding PD1
)
(/nix/store/b8rzk544rrx5vsf2y2filkk7r8jq7w74-texlive-2025-env-texmfdist/tex/gen
eric/intcalc/intcalc.sty
Package: intcalc 2019/12/15 v1.3 Expandable calculations with integers (HO)
)
\Hy@SavedSpaceFactor=\count356

(/nix/store/b8rzk544rrx5vsf2y2filkk7r8jq7w74-texlive-2025-env-texmfdist/tex/lat
ex/hyperref/puenc.def
File: puenc.def 2025-06-21 v7.01n Hyperref: PDF Unicode definition (HO)
Now handling font encoding PU ...
... no UTF-8 mapping file for font encoding PU
)
Package hyperref Info: Hyper figures OFF on input line 4181.
Package hyperref Info: Link nesting OFF on input line 4186.
Package hyperref Info: Hyper index ON on input line 4189.
Package hyperref Info: Plain pages OFF on input line 4196.
Package hyperref Info: Backreferencing OFF on input line 4201.
Package hyperref Info: Implicit mode ON; LaTeX internals redefined.
Package hyperref Info: Bookmarks ON on input line 4448.
\c@Hy@tempcnt=\count357

(/nix/store/b8rzk544rrx5vsf2y2filkk7r8jq7w74-texlive-2025-env-texmfdist/tex/lat
ex/url/url.sty
\Urlmuskip=\muskip18
Package: url 2013/09/16  ver 3.4  Verb mode for urls, etc.
)
LaTeX Info: Redefining \url on input line 4787.
\XeTeXLinkMargin=\dimen290

(/nix/store/b8rzk544rrx5vsf2y2filkk7r8jq7w74-texlive-2025-env-texmfdist/tex/gen
eric/bitset/bitset.sty
Package: bitset 2019/12/09 v1.3 Handle bit-vector datatype (HO)

(/nix/store/b8rzk544rrx5vsf2y2filkk7r8jq7w74-texlive-2025-env-texmfdist/tex/gen
eric/bigintcalc/bigintcalc.sty
Package: bigintcalc 2019/12/15 v1.5 Expandable calculations on big integers (HO
)
))
\Fld@menulength=\count358
\Field@Width=\dimen291
\Fld@charsize=\dimen292
Package hyperref Info: Hyper figures OFF on input line 6066.
Package hyperref Info: Link nesting OFF on input line 6071.
Package hyperref Info: Hyper index ON on input line 6074.
Package hyperref Info: backreferencing OFF on input line 6081.
Package hyperref Info: Link coloring OFF on input line 6086.
Package hyperref Info: Link coloring with OCG OFF on input line 6091.
Package hyperref Info: PDF/A mode OFF on input line 6096.
\Hy@abspage=\count359
\c@Item=\count360
\c@Hfootnote=\count361
)
Package hyperref Info: Driver (autodetected): hpdftex.

(/nix/store/b8rzk544rrx5vsf2y2filkk7r8jq7w74-texlive-2025-env-texmfdist/tex/lat
ex/hyperref/hpdftex.def
File: hpdftex.def 2025-06-21 v7.01n Hyperref driver for pdfTeX
\Fld@listcount=\count362
\c@bookmark@seq@number=\count363

(/nix/store/b8rzk544rrx5vsf2y2filkk7r8jq7w74-texlive-2025-env-texmfdist/tex/lat
ex/rerunfilecheck/rerunfilecheck.sty
Package: rerunfilecheck 2025-06-21 v1.11 Rerun checks for auxiliary files (HO)

(/nix/store/b8rzk544rrx5vsf2y2filkk7r8jq7w74-texlive-2025-env-texmfdist/tex/gen
eric/uniquecounter/uniquecounter.sty
Package: uniquecounter 2019/12/15 v1.4 Provide unlimited unique counter (HO)
)
Package uniquecounter Info: New unique counter `rerunfilecheck' on input line 2
84.
)
\Hy@SectionHShift=\skip79
)
(/nix/store/b8rzk544rrx5vsf2y2filkk7r8jq7w74-texlive-2025-env-texmfdist/tex/lat
ex/cleveref/cleveref.sty
Package: cleveref 2018/03/27 v0.21.4 Intelligent cross-referencing
Package cleveref Info: `hyperref' support loaded on input line 2370.
LaTeX Info: Redefining \cref on input line 2370.
LaTeX Info: Redefining \Cref on input line 2370.
LaTeX Info: Redefining \crefrange on input line 2370.
LaTeX Info: Redefining \Crefrange on input line 2370.
LaTeX Info: Redefining \cpageref on input line 2370.
LaTeX Info: Redefining \Cpageref on input line 2370.
LaTeX Info: Redefining \cpagerefrange on input line 2370.
LaTeX Info: Redefining \Cpagerefrange on input line 2370.
LaTeX Info: Redefining \labelcref on input line 2370.
LaTeX Info: Redefining \labelcpageref on input line 2370.
Package cleveref Info: `amsthm' support loaded on input line 3026.
Package cleveref Info: `algorithmicx' support loaded on input line 3120.
)
==> First Aid for cleveref.sty applied!

(/nix/store/b8rzk544rrx5vsf2y2filkk7r8jq7w74-texlive-2025-env-texmfdist/tex/lat
ex/hyperxmp/hyperxmp.sty
Package: hyperxmp 2024/03/17 v5.13 Store hyperref metadata in XMP format
\hyxmp@aep@toks=\toks52

(/nix/store/b8rzk544rrx5vsf2y2filkk7r8jq7w74-texlive-2025-env-texmfdist/tex/lat
ex/ifmtarg/ifmtarg.sty
Package: ifmtarg 2018/04/16 v1.2b check for an empty argument
)
\@hyxmp@count=\count364

(/nix/store/b8rzk544rrx5vsf2y2filkk7r8jq7w74-texlive-2025-env-texmfdist/tex/lat
ex/oberdiek/ifdraft.sty
Package: ifdraft 2016/05/16 v1.4 Detect class options draft and final (HO)
)
(/nix/store/b8rzk544rrx5vsf2y2filkk7r8jq7w74-texlive-2025-env-texmfdist/tex/gen
eric/iftex/ifluatex.sty
Package: ifluatex 2019/10/25 v1.5 ifluatex legacy package. Use iftex instead.
)

Package hyperref Warning: Token not allowed in a PDF string (Unicode):
(hyperref)                removing `\unskip' on input line 2248.


Package hyperref Warning: Token not allowed in a PDF string (Unicode):
(hyperref)                removing `math shift' on input line 2248.


Package hyperref Warning: Token not allowed in a PDF string (Unicode):
(hyperref)                removing `superscript' on input line 2248.


Package hyperref Warning: Token not allowed in a PDF string (Unicode):
(hyperref)                removing `math shift' on input line 2248.


Package hyperref Warning: Token not allowed in a PDF string (Unicode):
(hyperref)                removing `\unskip' on input line 2248.


Package hyperref Warning: Token not allowed in a PDF string (Unicode):
(hyperref)                removing `math shift' on input line 2248.


Package hyperref Warning: Token not allowed in a PDF string (Unicode):
(hyperref)                removing `superscript' on input line 2248.


Package hyperref Warning: Token not allowed in a PDF string (Unicode):
(hyperref)                removing `math shift' on input line 2248.

)
Package hyperref Info: Option `colorlinks' set `true' on input line 36.
LaTeX Font Info:    Trying to load font information for T1+lmr on input line 36
.

(/nix/store/b8rzk544rrx5vsf2y2filkk7r8jq7w74-texlive-2025-env-texmfdist/tex/lat
ex/lm/t1lmr.fd
File: t1lmr.fd 2015/05/01 v1.6.1 Font defs for Latin Modern
)
(/nix/store/b8rzk544rrx5vsf2y2filkk7r8jq7w74-texlive-2025-env-texmfdist/tex/lat
ex/l3backend/l3backend-pdftex.def
File: l3backend-pdftex.def 2025-06-09 L3 backend support: PDF output (pdfTeX)
\l__color_backend_stack_int=\count365
) (./main.aux)
\openout1 = `main.aux'.

LaTeX Font Info:    Checking defaults for OML/cmm/m/it on input line 36.
LaTeX Font Info:    ... okay on input line 36.
LaTeX Font Info:    Checking defaults for OMS/cmsy/m/n on input line 36.
LaTeX Font Info:    ... okay on input line 36.
LaTeX Font Info:    Checking defaults for OT1/cmr/m/n on input line 36.
LaTeX Font Info:    ... okay on input line 36.
LaTeX Font Info:    Checking defaults for T1/cmr/m/n on input line 36.
LaTeX Font Info:    ... okay on input line 36.
LaTeX Font Info:    Checking defaults for TS1/cmr/m/n on input line 36.
LaTeX Font Info:    ... okay on input line 36.
LaTeX Font Info:    Checking defaults for OMX/cmex/m/n on input line 36.
LaTeX Font Info:    ... okay on input line 36.
LaTeX Font Info:    Checking defaults for U/cmr/m/n on input line 36.
LaTeX Font Info:    ... okay on input line 36.
LaTeX Font Info:    Checking defaults for PD1/pdf/m/n on input line 36.
LaTeX Font Info:    ... okay on input line 36.
LaTeX Font Info:    Checking defaults for PU/pdf/m/n on input line 36.
LaTeX Font Info:    ... okay on input line 36.

(/nix/store/b8rzk544rrx5vsf2y2filkk7r8jq7w74-texlive-2025-env-texmfdist/tex/con
text/base/mkii/supp-pdf.mkii
[Loading MPS to PDF converter (version 2006.09.02).]
\scratchcounter=\count366
\scratchdimen=\dimen293
\scratchbox=\box72
\nofMPsegments=\count367
\nofMParguments=\count368
\everyMPshowfont=\toks53
\MPscratchCnt=\count369
\MPscratchDim=\dimen294
\MPnumerator=\count370
\makeMPintoPDFobject=\count371
\everyMPtoPDFconversion=\toks54
)
(/nix/store/b8rzk544rrx5vsf2y2filkk7r8jq7w74-texlive-2025-env-texmfdist/tex/lat
ex/epstopdf-pkg/epstopdf-base.sty
Package: epstopdf-base 2020-01-24 v2.11 Base part for package epstopdf
Package epstopdf-base Info: Redefining graphics rule for `.eps' on input line 4
85.

(/nix/store/b8rzk544rrx5vsf2y2filkk7r8jq7w74-texlive-2025-env-texmfdist/tex/lat
ex/latexconfig/epstopdf-sys.cfg
File: epstopdf-sys.cfg 2010/07/13 v1.3 Configuration of (r)epstopdf for TeX Liv
e
))
*geometry* driver: auto-detecting
*geometry* detected driver: pdftex
*geometry* verbose mode - [ preamble ] result:
* driver: pdftex
* paper: a4paper
* layout: <same size as paper>
* layoutoffset:(h,v)=(0.0pt,0.0pt)
* hratio: 1:1
* vratio: 1:1
* modes: twoside 
* h-part:(L,W,R)=(104.5657pt, 388.37646pt, 104.5657pt)
* v-part:(T,H,B)=(105.63086pt, 633.78513pt, 105.63086pt)
* \paperwidth=597.50787pt
* \paperheight=845.04684pt
* \textwidth=388.37646pt
* \textheight=633.78513pt
* \oddsidemargin=32.29572pt
* \evensidemargin=32.29572pt
* \topmargin=-3.63913pt
* \headheight=12.0pt
* \headsep=25.0pt
* \topskip=10.0pt
* \footskip=30.0pt
* \marginparwidth=76.82234pt
* \marginparsep=11.0pt
* \columnsep=10.0pt
* \skip\footins=9.0pt plus 4.0pt minus 2.0pt
* \hoffset=0.0pt
* \voffset=0.0pt
* \mag=1000
* \@twocolumnfalse
* \@twosidetrue
* \@mparswitchtrue
* \@reversemarginfalse
* (1in=72.27pt=25.4mm, 1cm=28.453pt)

LaTeX Info: Redefining \microtypecontext on input line 36.
Package microtype Info: Applying patch `item' on input line 36.
Package microtype Info: Applying patch `toc' on input line 36.
Package microtype Info: Applying patch `eqnum' on input line 36.
Package microtype Info: Applying patch `footnote' on input line 36.
Package microtype Info: Applying patch `verbatim' on input line 36.
LaTeX Info: Redefining \microtypesetup on input line 36.
Package microtype Info: Generating PDF output.
Package microtype Info: Character protrusion enabled (level 2).
Package microtype Info: Using default protrusion set `alltext'.
Package microtype Info: Automatic font expansion enabled (level 2),
(microtype)             stretch: 20, shrink: 20, step: 1, non-selected.
Package microtype Info: Using default expansion set `alltext-nott'.

LaTeX Warning: Command \showhyphens   has changed.
               Check if current package is valid.

LaTeX Info: Redefining \showhyphens on input line 36.
Package microtype Info: No adjustment of tracking.
Package microtype Info: No adjustment of interword spacing.
Package microtype Info: No adjustment of character kerning.

(/nix/store/b8rzk544rrx5vsf2y2filkk7r8jq7w74-texlive-2025-env-texmfdist/tex/lat
ex/microtype/mt-cmr.cfg
File: mt-cmr.cfg 2013/05/19 v2.2 microtype config. file: Computer Modern Roman 
(RS)
)
Package hyperref Info: Link coloring ON on input line 36.
 (./main.out) (./main.out)
\@outlinefile=\write4
\openout4 = `main.out'.

LaTeX Font Info:    Trying to load font information for T1+lmss on input line 3
9.

(/nix/store/b8rzk544rrx5vsf2y2filkk7r8jq7w74-texlive-2025-env-texmfdist/tex/lat
ex/lm/t1lmss.fd
File: t1lmss.fd 2015/05/01 v1.6.1 Font defs for Latin Modern
)
Package microtype Info: Loading generic protrusion settings for font family
(microtype)             `lmss' (encoding: T1).
(microtype)             For optimal results, create family-specific settings.
(microtype)             See the microtype manual for details.
LaTeX Font Info:    Trying to load font information for OT1+lmr on input line 3
9.

(/nix/store/b8rzk544rrx5vsf2y2filkk7r8jq7w74-texlive-2025-env-texmfdist/tex/lat
ex/lm/ot1lmr.fd
File: ot1lmr.fd 2015/05/01 v1.6.1 Font defs for Latin Modern
)
LaTeX Font Info:    Trying to load font information for OML+lmm on input line 3
9.

(/nix/store/b8rzk544rrx5vsf2y2filkk7r8jq7w74-texlive-2025-env-texmfdist/tex/lat
ex/lm/omllmm.fd
File: omllmm.fd 2015/05/01 v1.6.1 Font defs for Latin Modern
)
LaTeX Font Info:    Trying to load font information for OMS+lmsy on input line 
39.

(/nix/store/b8rzk544rrx5vsf2y2filkk7r8jq7w74-texlive-2025-env-texmfdist/tex/lat
ex/lm/omslmsy.fd
File: omslmsy.fd 2015/05/01 v1.6.1 Font defs for Latin Modern
)
LaTeX Font Info:    Trying to load font information for OMX+lmex on input line 
39.

(/nix/store/b8rzk544rrx5vsf2y2filkk7r8jq7w74-texlive-2025-env-texmfdist/tex/lat
ex/lm/omxlmex.fd
File: omxlmex.fd 2015/05/01 v1.6.1 Font defs for Latin Modern
)
LaTeX Font Info:    External font `lmex10' loaded for size
(Font)              <10> on input line 39.
LaTeX Font Info:    External font `lmex10' loaded for size
(Font)              <7> on input line 39.
LaTeX Font Info:    External font `lmex10' loaded for size
(Font)              <5> on input line 39.
LaTeX Font Info:    Trying to load font information for U+msa on input line 39.


(/nix/store/b8rzk544rrx5vsf2y2filkk7r8jq7w74-texlive-2025-env-texmfdist/tex/lat
ex/amsfonts/umsa.fd
File: umsa.fd 2013/01/14 v3.01 AMS symbols A
)
(/nix/store/b8rzk544rrx5vsf2y2filkk7r8jq7w74-texlive-2025-env-texmfdist/tex/lat
ex/microtype/mt-msa.cfg
File: mt-msa.cfg 2006/02/04 v1.1 microtype config. file: AMS symbols (a) (RS)
)
LaTeX Font Info:    Trying to load font information for U+msb on input line 39.


(/nix/store/b8rzk544rrx5vsf2y2filkk7r8jq7w74-texlive-2025-env-texmfdist/tex/lat
ex/amsfonts/umsb.fd
File: umsb.fd 2013/01/14 v3.01 AMS symbols B
)
(/nix/store/b8rzk544rrx5vsf2y2filkk7r8jq7w74-texlive-2025-env-texmfdist/tex/lat
ex/microtype/mt-msb.cfg
File: mt-msb.cfg 2005/06/01 v1.0 microtype config. file: AMS symbols (b) (RS)
)
LaTeX Font Info:    External font `lmex10' loaded for size
(Font)              <12> on input line 39.
LaTeX Font Info:    External font `lmex10' loaded for size
(Font)              <8> on input line 39.
LaTeX Font Info:    External font `lmex10' loaded for size
(Font)              <6> on input line 39.
LaTeX Font Info:    External font `lmex10' loaded for size
(Font)              <9> on input line 41.

IACR@AUTHOR: Anonymous
IACR@TITLE: Entropy as Color: A GF(3) Algebraic Framework for Composable Crypto
graphic Entropy Sources



[1

{/nix/store/4dd9zv0224y0c8ygknhmdp8g92w74d8r-texlive-2025-env/share/texmf-var/f
onts/map/pdftex/updmap/pdftex.map}{/nix/store/b8rzk544rrx5vsf2y2filkk7r8jq7w74-
texlive-2025-env-texmfdist/fonts/enc/dvips/lm/lm-ec.enc}{/nix/store/b8rzk544rrx
5vsf2y2filkk7r8jq7w74-texlive-2025-env-texmfdist/fonts/enc/dvips/lm/lm-rm.enc}{
/nix/store/b8rzk544rrx5vsf2y2filkk7r8jq7w74-texlive-2025-env-texmfdist/fonts/en
c/dvips/lm/lm-mathsy.enc}{/nix/store/b8rzk544rrx5vsf2y2filkk7r8jq7w74-texlive-2
025-env-texmfdist/fonts/enc/dvips/lm/lm-mathit.enc}]
LaTeX Font Info:    Trying to load font information for TS1+lmr on input line 8
6.

(/nix/store/b8rzk544rrx5vsf2y2filkk7r8jq7w74-texlive-2025-env-texmfdist/tex/lat
ex/lm/ts1lmr.fd
File: ts1lmr.fd 2015/05/01 v1.6.1 Font defs for Latin Modern
)


Package fancyhdr Warning: \headheight is too small (12.0pt): 
(fancyhdr)                Make it at least 23.10004pt, for example:
(fancyhdr)                \setlength{\headheight}{23.10004pt}.
(fancyhdr)                You might also make \topmargin smaller:
(fancyhdr)                \addtolength{\topmargin}{-11.10004pt}.

[2{/nix/store/b8rzk544rrx5vsf2y2filkk7r8jq7w74-texlive-2025-env-texmfdist/fonts
/enc/dvips/lm/lm-ts1.enc}{/nix/store/b8rzk544rrx5vsf2y2filkk7r8jq7w74-texlive-2
025-env-texmfdist/fonts/enc/dvips/lm/lm-mathex.enc}]
Package hyperref Info: bookmark level for unknown algorithm defaults to 0 on in
put line 219.


[3] (./main.bbl


Package fancyhdr Warning: \headheight is too small (12.0pt): 
(fancyhdr)                Make it at least 23.10004pt, for example:
(fancyhdr)                \setlength{\headheight}{23.10004pt}.
(fancyhdr)                You might also make \topmargin smaller:
(fancyhdr)                \addtolength{\topmargin}{-11.10004pt}.

[4]
LaTeX Font Info:    Trying to load font information for T1+lmtt on input line 2
0.

(/nix/store/b8rzk544rrx5vsf2y2filkk7r8jq7w74-texlive-2025-env-texmfdist/tex/lat
ex/lm/t1lmtt.fd
File: t1lmtt.fd 2015/05/01 v1.6.1 Font defs for Latin Modern
)
Package microtype Info: Loading generic protrusion settings for font family
(microtype)             `lmtt' (encoding: T1).
(microtype)             For optimal results, create family-specific settings.
(microtype)             See the microtype manual for details.
)
Overfull \hbox (44.58444pt too wide) in paragraph at lines 287--288
\T1/lmr/m/n/10 (-20) Möbius-inverted com-po-si-tion ($[]\OT1/lmr/m/n/10 (-20) (
\OMS/lmsy/m/n/10 ^^@\OML/lmm/m/it/10 ^^\[]\OT1/lmr/m/n/10 (-20) ) = 0$\T1/lmr/m
/n/10 (-20) ) is also valid. Lean 4: \T1/lmtt/m/n/10 moebius_preserves_balance\
T1/lmr/m/n/10 (-20) . 
 []



[5]


Package fancyhdr Warning: \headheight is too small (12.0pt): 
(fancyhdr)                Make it at least 23.10004pt, for example:
(fancyhdr)                \setlength{\headheight}{23.10004pt}.
(fancyhdr)                You might also make \topmargin smaller:
(fancyhdr)                \addtolength{\topmargin}{-11.10004pt}.


(/nix/store/b8rzk544rrx5vsf2y2filkk7r8jq7w74-texlive-2025-env-texmfdist/tex/gen
eric/stringenc/se-pdfdoc.def
File: se-pdfdoc.def 2019/11/29 v1.12 stringenc: PDFDocEncoding
)
(/nix/store/b8rzk544rrx5vsf2y2filkk7r8jq7w74-texlive-2025-env-texmfdist/tex/gen
eric/stringenc/se-utf8.def
File: se-utf8.def 2019/11/29 v1.12 stringenc: UTF-8
) [6] (./main.aux)
 ***********
LaTeX2e <2025-06-01> patch level 1
L3 programming layer <2025-06-09>
 ***********
Package rerunfilecheck Info: File `main.out' has not changed.
(rerunfilecheck)             Checksum: D7FACE6D61FEBA043A9EFA5B1F04D7C8;1985.
 ) 
Here is how much of TeX's memory you used:
 28727 strings out of 467890
 548410 string characters out of 5410143
 981781 words of memory out of 5000000
 56499 multiletter control sequences out of 15000+600000
 739336 words of font info for 209 fonts, out of 8000000 for 9000
 1141 hyphenation exceptions out of 8191
 84i,11n,93p,1142b,616s stack positions out of 10000i,1000n,20000p,200000b,200000s
</nix/store/b8rzk544rrx5vsf2y2filkk7r8jq7w74-texlive-2025-env-texmfdist/fonts
/type1/public/lm/lmbx10.pfb></nix/store/b8rzk544rrx5vsf2y2filkk7r8jq7w74-texliv
e-2025-env-texmfdist/fonts/type1/public/lm/lmex10.pfb></nix/store/b8rzk544rrx5v
sf2y2filkk7r8jq7w74-texlive-2025-env-texmfdist/fonts/type1/public/lm/lmmi10.pfb
></nix/store/b8rzk544rrx5vsf2y2filkk7r8jq7w74-texlive-2025-env-texmfdist/fonts/
type1/public/lm/lmmi5.pfb></nix/store/b8rzk544rrx5vsf2y2filkk7r8jq7w74-texlive-
2025-env-texmfdist/fonts/type1/public/lm/lmmi7.pfb></nix/store/b8rzk544rrx5vsf2
y2filkk7r8jq7w74-texlive-2025-env-texmfdist/fonts/type1/public/lm/lmr10.pfb></n
ix/store/b8rzk544rrx5vsf2y2filkk7r8jq7w74-texlive-2025-env-texmfdist/fonts/type
1/public/lm/lmr12.pfb></nix/store/b8rzk544rrx5vsf2y2filkk7r8jq7w74-texlive-2025
-env-texmfdist/fonts/type1/public/lm/lmr7.pfb></nix/store/b8rzk544rrx5vsf2y2fil
kk7r8jq7w74-texlive-2025-env-texmfdist/fonts/type1/public/lm/lmr8.pfb></nix/sto
re/b8rzk544rrx5vsf2y2filkk7r8jq7w74-texlive-2025-env-texmfdist/fonts/type1/publ
ic/lm/lmr9.pfb></nix/store/b8rzk544rrx5vsf2y2filkk7r8jq7w74-texlive-2025-env-te
xmfdist/fonts/type1/public/lm/lmri10.pfb></nix/store/b8rzk544rrx5vsf2y2filkk7r8
jq7w74-texlive-2025-env-texmfdist/fonts/type1/public/lm/lmri9.pfb></nix/store/b
8rzk544rrx5vsf2y2filkk7r8jq7w74-texlive-2025-env-texmfdist/fonts/type1/public/l
m/lmssbx10.pfb></nix/store/b8rzk544rrx5vsf2y2filkk7r8jq7w74-texlive-2025-env-te
xmfdist/fonts/type1/public/lm/lmsy10.pfb></nix/store/b8rzk544rrx5vsf2y2filkk7r8
jq7w74-texlive-2025-env-texmfdist/fonts/type1/public/lm/lmsy7.pfb></nix/store/b
8rzk544rrx5vsf2y2filkk7r8jq7w74-texlive-2025-env-texmfdist/fonts/type1/public/l
m/lmtt10.pfb></nix/store/b8rzk544rrx5vsf2y2filkk7r8jq7w74-texlive-2025-env-texm
fdist/fonts/type1/public/amsfonts/symbols/msam10.pfb></nix/store/b8rzk544rrx5vs
f2y2filkk7r8jq7w74-texlive-2025-env-texmfdist/fonts/type1/public/amsfonts/symbo
ls/msbm10.pfb>
Output written on main.pdf (6 pages, 349619 bytes).
PDF statistics:
 292 PDF objects out of 1000 (max. 8388607)
 238 compressed objects within 3 object streams
 69 named destinations out of 1000 (max. 500000)
 66185 words of extra memory for PDF output out of 74296 (max. 10000000)

